   Γû▓ Next.js 15.5.9
   - Environments: .env

   Creating an optimized production build ...
node.exe : Failed to 
compile.
At line:1 char:1
+ & "C:\Program Files\
nodejs/node.exe" 
"C:\Users\Sayid 
Mohamed Ali\AppD ...
+ ~~~~~~~~~~~~~~~~~~~~
~~~~~~~~~~~~~~~~~~~~~~
~~~~~~~~~~~~~~~~~~~~~~
~~~~~
    + CategoryInfo    
          : NotSpeci  
  fied: (Failed to    
 compile.:String)     
[], RemoteExcepti    
on
    + FullyQualifiedE 
   rrorId : NativeCo  
  mmandError
 

./src/lib/data/academi
cData.ts
Module not found: 
Can't resolve 
'./placeholder-data'

https://nextjs.org/doc
s/messages/module-not-
found

Import trace for 
requested module:
./src/lib/services/stu
dentService.ts
./src/app/api/admissio
ns/route.ts

./src/lib/data/student
Data.ts
Module not found: 
Can't resolve 
'./placeholder-data'

https://nextjs.org/doc
s/messages/module-not-
found

Import trace for 
requested module:
./src/lib/services/stu
dentService.ts
./src/app/api/admissio
ns/route.ts

./src/lib/data/teacher
Data.ts
Module not found: 
Can't resolve 
'./placeholder-data'

https://nextjs.org/doc
s/messages/module-not-
found

Import trace for 
requested module:
./src/lib/services/tea
cherService.ts
./src/app/api/teachers
/route.ts

./src/lib/data/userDat
a.ts
Module not found: 
Can't resolve 
'./placeholder-data'

https://nextjs.org/doc
s/messages/module-not-
found

Import trace for 
requested module:
./src/lib/services/tea
cherService.ts
./src/app/api/teachers
/route.ts


> Build failed 
because of webpack 
errors
